PHPUnit 11.5.44 by Sebastian Bergmann and contributors.

Test directory "C:\TikoProject\tests/Unit" not found
